Resolving dependencies...
  _fe_analyzer_shared 61.0.0 (89.0.0 available)
  analyzer 5.13.0 (8.2.0 available)
  app_links 3.4.5 (6.4.1 available)
  archive 3.4.10 (4.0.7 available)
  args 2.4.2 (2.7.0 available)
  async 2.10.0 (2.13.0 available)
  boolean_selector 2.1.1 (2.1.2 available)
  carousel_slider 4.2.1 (5.1.1 available)
  characters 1.3.0 (1.4.1 available)
  checked_yaml 2.0.3 (2.0.4 available)
  cli_util 0.4.0 (0.4.2 available)
  clock 1.1.1 (1.1.2 available)
  collection 1.17.1 (1.19.1 available)
  convert 3.1.1 (3.1.2 available)
  coverage 1.6.3 (1.15.0 available)
  cross_file 0.3.3+6 (0.3.4+2 available)
  crypto 3.0.3 (3.0.6 available)
  cupertino_icons 1.0.6 (1.0.8 available)
  fake_async 1.3.1 (1.3.3 available)
  ffi 2.0.2 (2.1.4 available)
  file 6.1.4 (7.0.1 available)
  file_selector_linux 0.9.2+1 (0.9.3+2 available)
  file_selector_macos 0.9.3+3 (0.9.4+4 available)
  file_selector_platform_interface 2.6.1 (2.6.2 available)
  file_selector_windows 0.9.3+1 (0.9.3+4 available)
  flutter_dotenv 5.2.1 (6.0.0 available)
  flutter_launcher_icons 0.13.1 (0.14.4 available)
  flutter_lints 2.0.3 (6.0.0 available)
  flutter_plugin_android_lifecycle 2.0.17 (2.0.30 available)
  flutter_svg 2.0.9 (2.2.1 available)
  frontend_server_client 3.2.0 (4.0.0 available)
  functions_client 1.3.2 (2.4.4 available)
  glob 2.1.2 (2.1.3 available)
  golden_toolkit 0.15.0 (discontinued)
  google_fonts 4.0.4 (6.3.2 available)
  gotrue 1.12.6 (2.15.0 available)
  http 0.13.6 (1.5.0 available)
  http_multi_server 3.2.1 (3.2.2 available)
  http_parser 4.0.2 (4.1.2 available)
  image 4.2.0 (4.5.4 available)
  image_picker 1.0.4 (1.2.0 available)
  image_picker_android 0.8.8+2 (0.8.13+3 available)
  image_picker_for_web 3.0.1 (3.1.0 available)
  image_picker_ios 0.8.8+4 (0.8.13 available)
  image_picker_linux 0.2.1+1 (0.2.2 available)
  image_picker_macos 0.2.1+1 (0.2.2 available)
  image_picker_platform_interface 2.9.1 (2.11.0 available)
  image_picker_windows 0.2.1+1 (0.2.2 available)
  io 1.0.4 (1.0.5 available)
  js 0.6.7 (0.7.2 available)
  json_annotation 4.8.1 (4.9.0 available)
  lints 2.0.1 (6.0.0 available)
  logging 1.2.0 (1.3.0 available)
  matcher 0.12.14 (0.12.17 available)
  material_color_utilities 0.2.0 (0.13.0 available)
  meta 1.9.0 (1.17.0 available)
  mime 1.0.4 (2.0.0 available)
  mocktail 1.0.0 (1.0.4 available)
  package_config 2.1.0 (2.2.0 available)
  path 1.8.3 (1.9.1 available)
  path_parsing 1.0.1 (1.1.0 available)
  path_provider 2.1.1 (2.1.5 available)
  path_provider_android 2.2.1 (2.2.18 available)
  path_provider_foundation 2.3.1 (2.4.2 available)
  path_provider_platform_interface 2.1.1 (2.1.2 available)
  path_provider_windows 2.2.1 (2.3.0 available)
  petitparser 5.4.0 (7.0.1 available)
  platform 3.1.0 (3.1.6 available)
  plugin_platform_interface 2.1.6 (2.1.8 available)
  pointycastle 3.7.3 (4.0.0 available)
  pool 1.5.1 (1.5.2 available)
  postgrest 1.5.2 (2.5.0 available)
  process 4.2.4 (5.0.5 available)
  pub_semver 2.1.4 (2.2.0 available)
  realtime_client 1.4.0 (2.5.3 available)
  retry 3.1.1 (3.1.2 available)
  rxdart 0.27.7 (0.28.0 available)
  share_plus 7.2.2 (12.0.0 available)
  share_plus_platform_interface 3.4.0 (6.1.0 available)
  shared_preferences 2.2.2 (2.5.3 available)
  shared_preferences_android 2.2.1 (2.4.14 available)
  shared_preferences_foundation 2.3.4 (2.5.4 available)
  shared_preferences_linux 2.3.2 (2.4.1 available)
  shared_preferences_platform_interface 2.3.1 (2.4.1 available)
  shared_preferences_web 2.2.1 (2.4.3 available)
  shared_preferences_windows 2.3.2 (2.4.1 available)
  shelf 1.4.1 (1.4.2 available)
  shelf_static 1.1.2 (1.1.3 available)
  shelf_web_socket 1.0.4 (3.0.0 available)
  sign_in_with_apple 5.0.0 (7.0.1 available)
  sign_in_with_apple_platform_interface 1.0.0 (2.0.0 available)
  sign_in_with_apple_web 1.0.1 (3.0.0 available)
  sizer 2.0.15 (3.1.3 available)
  source_map_stack_trace 2.1.1 (2.1.2 available)
  source_maps 0.10.12 (0.10.13 available)
  source_span 1.9.1 (1.10.1 available)
  stack_trace 1.11.0 (1.12.1 available)
  storage_client 1.5.4 (2.4.1 available)
  stream_channel 2.1.1 (2.1.4 available)
  string_scanner 1.2.0 (1.4.1 available)
  supabase 1.11.11 (2.9.2 available)
  supabase_flutter 1.10.25 (2.10.2 available)
  term_glyph 1.2.1 (1.2.2 available)
  test 1.23.1 (1.26.3 available)
  test_api 0.4.18 (0.7.7 available)
  test_core 0.4.24 (0.6.12 available)
  typed_data 1.3.2 (1.4.0 available)
  url_launcher 6.1.11 (6.3.2 available)
  url_launcher_android 6.2.0 (6.3.23 available)
  url_launcher_ios 6.2.0 (6.3.4 available)
  url_launcher_linux 3.1.0 (3.2.1 available)
  url_launcher_macos 3.1.0 (3.2.3 available)
  url_launcher_platform_interface 2.2.0 (2.3.2 available)
  url_launcher_web 2.0.19 (2.4.1 available)
  url_launcher_windows 3.1.0 (3.1.4 available)
  uuid 4.1.0 (4.5.1 available)
  vector_graphics 1.1.10+1 (1.1.19 available)
  vector_graphics_codec 1.1.10+1 (1.1.13 available)
  vector_graphics_compiler 1.1.10+1 (1.1.19 available)
  vector_math 2.1.4 (2.2.0 available)
  vm_service 11.2.0 (15.0.2 available)
  watcher 1.0.2 (1.1.4 available)
  web_socket_channel 2.4.0 (3.0.3 available)
  webdriver 3.0.2 (3.1.0 available)
  webkit_inspection_protocol 1.2.0 (1.2.1 available)
  webview_flutter 4.4.2 (4.13.0 available)
  webview_flutter_android 3.12.1 (4.10.4 available)
  webview_flutter_platform_interface 2.6.0 (2.14.0 available)
  webview_flutter_wkwebview 3.9.4 (3.23.1 available)
  win32 4.1.4 (5.15.0 available)
  xdg_directories 1.0.3 (1.1.0 available)
  xml 6.3.0 (6.6.1 available)
  yaml 3.1.2 (3.1.3 available)
  yet_another_json_isolate 1.1.1 (2.1.0 available)
Got dependencies!
Building macOS application...                                   
